// Jest Snapshot v1, https://goo.gl/fbAQLP

exports[`---> Snapshot test of BigMoviePoster should render properly 1`] = `
<section
  className="posterWrapper"
>
  <img
    alt="big-poster"
    src="c"
  />
  <div
    className="headingsWrapper"
  >
    <h2>
      a
    </h2>
    <h4>
      e
    </h4>
  </div>
</section>
`;
