// Jest Snapshot v1, https://goo.gl/fbAQLP

exports[`--> Testing BaseModal renders correctly (snapshot test) 1`] = `
<div
  className="backdrop "
  onClick={[Function]}
  role="dialog"
>
  <div
    className="wrapper  "
    title="dialog window"
  >
    <section
      className="headingSection"
    >
      <div />
      <h3>
        a
      </h3>
      <div
        onClick={[Function]}
      >
        <svg
          aria-label="close-modal"
          fill="currentColor"
          height="1.4rem"
          role="graphics-document"
          stroke="currentColor"
          strokeWidth="0"
          style={
            Object {
              "color": undefined,
            }
          }
          viewBox="0 0 24 24"
          width="1.4rem"
          xmlns="http://www.w3.org/2000/svg"
        >
          <g>
            <path
              d="M0 0h24v24H0z"
              fill="none"
            />
            <path
              d="M12 10.586l4.95-4.95 1.414 1.414-4.95 4.95 4.95 4.95-1.414 1.414-4.95-4.95-4.95 4.95-1.414-1.414 4.95-4.95-4.95-4.95L7.05 5.636z"
            />
          </g>
        </svg>
      </div>
    </section>
    <hr />
    <section
      className="contentSection"
    >
      <div>
        a
      </div>
    </section>
  </div>
</div>
`;
